#-----------------------------------------------------------
# PlanAhead v14.4.1 (64-bit)
# Build 222254 by xbuild on Tue Dec 18 05:17:28 MST 2012
# Start of session at: Tue May 28 14:21:38 2013
# Process ID: 7556
# Log file: /home/rtrogan/Adapteva/maxwell/work/system/fpga/parallella_7020_600/planAhead.log
# Journal file: /home/rtrogan/Adapteva/maxwell/work/system/fpga/parallella_7020_600/planAhead.jou
#-----------------------------------------------------------
start_gui
create_project parallella_7020_600 /home/rtrogan/Adapteva/maxwell/work/system/fpga/parallella_7020_600/parallella_7020_600 -part xc7z020clg400-1
add_files /home/rtrogan/Adapteva/maxwell/work/system/fpga/parallella_7020_600/fpga_links
import_files -force
import_ip -file /home/rtrogan/Adapteva/maxwell/work/system/fpga/parallella_7020_600/ip_files/io_clock_gen.xco -name io_clock_gen
import_files -fileset constrs_1 -force -norecurse /home/rtrogan/Adapteva/maxwell/work/system/fpga/parallella_7020_600/constr_links/parallella_7020.ucf
update_compile_order -fileset sources_1
update_compile_order -fileset sources_1
update_compile_order -fileset sim_1
update_compile_order -fileset sources_1
set_property source_mgmt_mode DisplayOnly [current_project]
reorder_files -before /home/rtrogan/Adapteva/maxwell/work/system/fpga/parallella_7020_600/parallella_7020_600/parallella_7020_600.srcs/sources_1/imports/fpga_links/synchronizer.v /home/rtrogan/Adapteva/maxwell/work/system/fpga/parallella_7020_600/parallella_7020_600/parallella_7020_600.srcs/sources_1/imports/fpga_links/fpga_constants.v
import_files -norecurse /home/rtrogan/Adapteva/maxwell/work/system/fpga/parallella_7020_800/parallella_7020_800/parallella_7020_800.srcs/sources_1/edk/system/system.xmp
reset_run impl_1
launch_runs synth_1
wait_on_run synth_1
launch_runs impl_1
wait_on_run impl_1
launch_runs impl_1 -to_step Bitgen
wait_on_run impl_1
open_run impl_1
export_hardware [get_files /home/rtrogan/Adapteva/maxwell/work/system/fpga/parallella_7020_600/parallella_7020_600/parallella_7020_600.srcs/sources_1/edk/system/system.xmp] [get_runs impl_1] -bitstream
launch_sdk -bit /home/rtrogan/Adapteva/maxwell/work/system/fpga/parallella_7020_600/parallella_7020_600/parallella_7020_600.sdk/SDK/SDK_Export/hw/parallella_7020_top.bit -workspace /home/rtrogan/Adapteva/maxwell/work/system/fpga/parallella_7020_600/parallella_7020_600/parallella_7020_600.sdk/SDK/SDK_Export -hwspec /home/rtrogan/Adapteva/maxwell/work/system/fpga/parallella_7020_600/parallella_7020_600/parallella_7020_600.sdk/SDK/SDK_Export/hw/system.xml
